
> frontend@0.1.0 build
> next build

Ôû▓ Next.js 16.1.6 (Turbopack)
- Environments: .env

  Creating an optimized production build ...
Ô£ô Compiled successfully in 2.6s
  Running TypeScript ...
  Collecting page data using 11 workers ...
  Generating static pages using 11 workers (0/10) ...
  Generating static pages using 11 workers (2/10) 
  Generating static pages using 11 workers (4/10) 
  Generating static pages using 11 workers (7/10) 
Ô£ô Generating static pages using 11 workers (10/10) in 760.1ms
  Finalizing page optimization ...

Route (app)                        Revalidate  Expire
Ôöî Ôùï /                                      1m      1y
Ôö£ Ôùï /_not-found
Ôö£ ãÆ /bairros/[id]
Ôö£ Ôùï /dashboard
Ôö£ Ôùï /dashboard/imoveis
Ôö£ ãÆ /dashboard/imoveis/[id]/midia
Ôö£ Ôùï /dashboard/imoveis/novo
Ôö£ Ôùï /dashboard/leads
Ôö£ Ôùï /imoveis
Ôö£ ãÆ /imoveis/[id]
Ôöö Ôùï /login


Ôùï  (Static)   prerendered as static content
ãÆ  (Dynamic)  server-rendered on demand

